../Core/Src/disp1color.c:32:6:disp1color_FillScreenbuff	16	static
../Core/Src/disp1color.c:42:6:disp1color_UpdateFromBuff	8	static
../Core/Src/disp1color.c:55:6:disp1color_printf	124	static
../Core/Src/disp1color.c:73:6:disp1color_DrawPixel	24	static
../Core/Src/disp1color.c:107:6:disp1color_DrawLine	40	static
../Core/Src/disp1color.c:141:6:disp1color_DrawRectangle	24	static
../Core/Src/disp1color.c:154:6:disp1color_DrawCircle	32	static
../Core/Src/disp1color.c:203:6:print_buf	24	static
../Core/Src/disp1color.c:215:6:DMD_1COLOR_DisplayFullUpdate	16	static
../Core/Src/disp1color.c:228:6:DMD_1COLOR_UpdateRow4	40	static
../Core/Src/disp1color.c:265:6:DMD_1COLOR_SendFromMatrixBuff	40	static
../Core/Src/disp1color.c:291:9:DMD_1COLOR_GetFrom8ScreenBytes	24	static
../Core/Src/disp1color.c:317:6:prepare_data	16	static
